../Drivers/CMSIS/Include/core_cm7.h:2606:26:ITM_SendChar	4
../Core/Src/main.c:80:23:enc_read_ab	1
../Core/Src/main.c:89:16:encoder_angle_mdeg_from_count4x	1
../Core/Src/main.c:96:13:encoder_init	1
../Core/Src/main.c:107:22:enc_delta	1
../Core/Src/main.c:118:13:encoder_on_edge	5
../Core/Src/main.c:146:5:_write	2
../Core/Src/main.c:156:6:HAL_GPIO_EXTI_Callback	3
../Core/Src/main.c:169:5:main	2
../Core/Src/main.c:243:6:SystemClock_Config	3
../Core/Src/main.c:285:13:MX_GPIO_Init	1
../Core/Src/main.c:408:6:MPU_Config	1
../Core/Src/main.c:439:6:Error_Handler	1
